// Vitest Snapshot v1, https://vitest.dev/guide/snapshot.html

exports[`should parse Git diff from fixture 1`] = `
[
  {
    "addedLines": [
      2,
      5,
      11,
      14,
    ],
    "deletedLines": [
      2,
    ],
    "filename": "file1.txt",
  },
  {
    "addedLines": [
      1,
    ],
    "deletedLines": [
      1,
    ],
    "filename": "file2.txt",
  },
]
`;
